// Jest Snapshot v1, https://goo.gl/fbAQLP

exports[`End-to-End Functionality should process RSS feed and convert to markdown 1`] = `
{
  "content": [
    {
      "text": "# Test Feed

Test Description

",
      "type": "text",
    },
  ],
}
`;
