// Jest Snapshot v1, https://goo.gl/fbAQLP

exports[`RSS Feed Processing should process valid RSS feed 1`] = `
{
  "content": [
    {
      "text": "# Test Feed

Test Description

## Items

- [Item 1](https://example.com/item1)
",
      "type": "text",
    },
  ],
}
`;
